
> teacher-workbench-weapp@1.0.0 build:weapp /Users/moliang/Desktop/coder/teacher/weapp
> taro build --type weapp

👽 Taro v4.1.11

vite v4.5.14 building for production...
transforming...
✓ 48 modules transformed.
✓ built in 615ms
Binding rvalue (Note that you need plugins to import files that are not JavaScript)
file: /Users/moliang/Desktop/coder/teacher/weapp/src/app.ts:3:20
1: import { Component, PropsWithChildren } from 'react'
2: import Taro from '@tarojs/taro'
3: import { CLOUD_ENV, DB_SCHEMA } from './services/env'
                       ^
4: import { initTestDataIfEmpty } from './services/cloudApi'
5: import { TEST_SEED_DATA } from './services/seedData'
file:///Users/moliang/Desktop/coder/teacher/weapp/node_modules/.pnpm/rollup@3.30.0/node_modules/rollup/dist/es/shared/node-entry.js:2287
        base = Object.assign(new Error(base.message), base);
                             ^

Error [RollupError]: Binding rvalue (Note that you need plugins to import files that are not JavaScript)
    at error (file:///Users/moliang/Desktop/coder/teacher/weapp/node_modules/.pnpm/rollup@3.30.0/node_modules/rollup/dist/es/shared/node-entry.js:2287:30)
    at Module.error (file:///Users/moliang/Desktop/coder/teacher/weapp/node_modules/.pnpm/rollup@3.30.0/node_modules/rollup/dist/es/shared/node-entry.js:13751:16)
    at Module.tryParse (file:///Users/moliang/Desktop/coder/teacher/weapp/node_modules/.pnpm/rollup@3.30.0/node_modules/rollup/dist/es/shared/node-entry.js:14482:25)
    at Module.setSource (file:///Users/moliang/Desktop/coder/teacher/weapp/node_modules/.pnpm/rollup@3.30.0/node_modules/rollup/dist/es/shared/node-entry.js:14083:39)
    at ModuleLoader.addModuleSource (file:///Users/moliang/Desktop/coder/teacher/weapp/node_modules/.pnpm/rollup@3.30.0/node_modules/rollup/dist/es/shared/node-entry.js:24678:20)
    at processTicksAndRejections (node:internal/process/task_queues:104:5) {
  cause: SyntaxError: Binding rvalue (3:20)
      at Parser.pp$4.raise (file:///Users/moliang/Desktop/coder/teacher/weapp/node_modules/.pnpm/rollup@3.30.0/node_modules/rollup/dist/es/shared/node-entry.js:21650:13)
      at Parser.pp$7.checkLValSimple (file:///Users/moliang/Desktop/coder/teacher/weapp/node_modules/.pnpm/rollup@3.30.0/node_modules/rollup/dist/es/shared/node-entry.js:20303:10)
      at Parser.pp$8.parseImportSpecifier (file:///Users/moliang/Desktop/coder/teacher/weapp/node_modules/.pnpm/rollup@3.30.0/node_modules/rollup/dist/es/shared/node-entry.js:19949:8)
      at Parser.pp$8.parseImportSpecifiers (file:///Users/moliang/Desktop/coder/teacher/weapp/node_modules/.pnpm/rollup@3.30.0/node_modules/rollup/dist/es/shared/node-entry.js:19988:21)
      at Parser.parseImport (file:///Users/moliang/Desktop/coder/teacher/weapp/node_modules/.pnpm/rollup@3.30.0/node_modules/rollup/dist/es/shared/node-entry.js:26155:32)
      at Parser.pp$8.parseStatement (file:///Users/moliang/Desktop/coder/teacher/weapp/node_modules/.pnpm/rollup@3.30.0/node_modules/rollup/dist/es/shared/node-entry.js:19034:49)
      at Parser.pp$8.parseTopLevel (file:///Users/moliang/Desktop/coder/teacher/weapp/node_modules/.pnpm/rollup@3.30.0/node_modules/rollup/dist/es/shared/node-entry.js:18915:21)
      at Parser.parse (file:///Users/moliang/Desktop/coder/teacher/weapp/node_modules/.pnpm/rollup@3.30.0/node_modules/rollup/dist/es/shared/node-entry.js:18687:15)
      at Function.parse (file:///Users/moliang/Desktop/coder/teacher/weapp/node_modules/.pnpm/rollup@3.30.0/node_modules/rollup/dist/es/shared/node-entry.js:18737:35)
      at Graph.contextParse (file:///Users/moliang/Desktop/coder/teacher/weapp/node_modules/.pnpm/rollup@3.30.0/node_modules/rollup/dist/es/shared/node-entry.js:25783:38)
      at Module.tryParse (file:///Users/moliang/Desktop/coder/teacher/weapp/node_modules/.pnpm/rollup@3.30.0/node_modules/rollup/dist/es/shared/node-entry.js:14479:31)
      at Module.setSource (file:///Users/moliang/Desktop/coder/teacher/weapp/node_modules/.pnpm/rollup@3.30.0/node_modules/rollup/dist/es/shared/node-entry.js:14083:39)
      at ModuleLoader.addModuleSource (file:///Users/moliang/Desktop/coder/teacher/weapp/node_modules/.pnpm/rollup@3.30.0/node_modules/rollup/dist/es/shared/node-entry.js:24678:20)
      at processTicksAndRejections (node:internal/process/task_queues:104:5) {
    pos: 88,
    loc: Position { line: 3, column: 20 },
    raisedAt: 96
  },
  code: 'PARSE_ERROR',
  id: '/Users/moliang/Desktop/coder/teacher/weapp/src/app.ts',
  pos: 88,
  loc: {
    column: 20,
    file: '/Users/moliang/Desktop/coder/teacher/weapp/src/app.ts',
    line: 3
  },
  frame: "1: import { Component, PropsWithChildren } from 'react'\n" +
    "2: import Taro from '@tarojs/taro'\n" +
    "3: import { CLOUD_ENV, DB_SCHEMA } from './services/env'\n" +
    '                       ^\n' +
    "4: import { initTestDataIfEmpty } from './services/cloudApi'\n" +
    "5: import { TEST_SEED_DATA } from './services/seedData'",
  watchFiles: [
    'taro:compiler',
    '/Users/moliang/Desktop/coder/teacher/weapp/src/pages/index/index.config.ts',
    '/Users/moliang/Desktop/coder/teacher/weapp/src/pages/schedule/index.config.ts',
    '/Users/moliang/Desktop/coder/teacher/weapp/src/pages/todos/index.config.ts',
    '/Users/moliang/Desktop/coder/teacher/weapp/src/pages/roster/index.config.ts',
    '/Users/moliang/Desktop/coder/teacher/weapp/src/pages/quicknote/index.config.ts',
    '/Users/moliang/Desktop/coder/teacher/weapp/src/pages/periods/index.config.ts',
    '/Users/moliang/Desktop/coder/teacher/weapp/src/pages/my/index.config.ts',
    '\x00/Users/moliang/Desktop/coder/teacher/weapp/src/app.ts?entry-loader=true',
    '/Users/moliang/Desktop/coder/teacher/weapp/src/assets/icons/tab-home.png',
    '/Users/moliang/Desktop/coder/teacher/weapp/src/assets/icons/tab-home-active.png',
    '/Users/moliang/Desktop/coder/teacher/weapp/src/assets/icons/tab-calendar.png',
    '/Users/moliang/Desktop/coder/teacher/weapp/src/assets/icons/tab-calendar-active.png',
    '/Users/moliang/Desktop/coder/teacher/weapp/src/assets/icons/tab-todo.png',
    '/Users/moliang/Desktop/coder/teacher/weapp/src/assets/icons/tab-todo-active.png',
    '/Users/moliang/Desktop/coder/teacher/weapp/src/assets/icons/tab-user.png',
    '/Users/moliang/Desktop/coder/teacher/weapp/src/assets/icons/tab-user-active.png',
    '\x00/Users/moliang/Desktop/coder/teacher/weapp/src/pages/index/index.tsx?page-loader=true',
    '\x00/Users/moliang/Desktop/coder/teacher/weapp/src/pages/schedule/index.tsx?page-loader=true',
    '\x00/Users/moliang/Desktop/coder/teacher/weapp/src/pages/todos/index.tsx?page-loader=true',
    '\x00/Users/moliang/Desktop/coder/teacher/weapp/src/pages/roster/index.tsx?page-loader=true',
    '\x00/Users/moliang/Desktop/coder/teacher/weapp/src/pages/quicknote/index.tsx?page-loader=true',
    '\x00/Users/moliang/Desktop/coder/teacher/weapp/src/pages/periods/index.tsx?page-loader=true',
    '\x00/Users/moliang/Desktop/coder/teacher/weapp/src/pages/my/index.tsx?page-loader=true',
    '/Users/moliang/Desktop/coder/teacher/weapp/node_modules/.pnpm/@tarojs+vite-runner@4.1.11_@tarojs+runtime@4.1.11_@types+babel__core@7.20.5_postcss@8.5_0c4002db70d79c6ee78032dc3e075a19/node_modules/@tarojs/vite-runner/dist/template/comp.js',
    '/Users/moliang/Desktop/coder/teacher/weapp/node_modules/.pnpm/@tarojs+vite-runner@4.1.11_@tarojs+runtime@4.1.11_@types+babel__core@7.20.5_postcss@8.5_0c4002db70d79c6ee78032dc3e075a19/node_modules/@tarojs/vite-runner/dist/template/custom-wrapper.js',
    'package.json',
    '/Users/moliang/Desktop/coder/teacher/weapp/node_modules/.pnpm/@tarojs+plugin-platform-weapp@4.1.11_@tarojs+service@4.1.11_@tarojs+shared@4.1.11/node_modules/@tarojs/plugin-platform-weapp/dist/runtime.js',
    '/Users/moliang/Desktop/coder/teacher/weapp/node_modules/.pnpm/@tarojs+runtime@4.1.11/node_modules/@tarojs/runtime/dist/index.js',
    '/Users/moliang/Desktop/coder/teacher/weapp/node_modules/.pnpm/@tarojs+plugin-framework-react@4.1.11_@tarojs+helper@4.1.11_@tarojs+runtime@4.1.11_@tar_28b4243dad474a355959b4a5e2664f67/node_modules/@tarojs/plugin-framework-react/dist/runtime.js',
    '/Users/moliang/Desktop/coder/teacher/weapp/node_modules/.pnpm/@tarojs+taro@4.1.11_@tarojs+components@4.1.11_@tarojs+helper@4.1.11_@types+react@18.3.3_e64d48e47ae6fd4f3ed2d7af3af30061/node_modules/@tarojs/taro/index.js',
    '/Users/moliang/Desktop/coder/teacher/weapp/node_modules/.pnpm/react@18.3.1/node_modules/react/index.js',
    '/Users/moliang/Desktop/coder/teacher/weapp/node_modules/.pnpm/@tarojs+react@4.1.11_react@18.3.1/node_modules/@tarojs/react/dist/react.esm.js',
    '/Users/moliang/Desktop/coder/teacher/weapp/node_modules/.pnpm/@tarojs+api@4.1.11_@tarojs+runtime@4.1.11_@tarojs+shared@4.1.11/node_modules/@tarojs/api/dist/index.js',
    '/Users/moliang/Desktop/coder/teacher/weapp/node_modules/.pnpm/react@18.3.1/node_modules/react/cjs/react.production.min.js',
    '\x00commonjsHelpers.js',
    '\x00/Users/moliang/Desktop/coder/teacher/weapp/node_modules/.pnpm/react@18.3.1/node_modules/react/index.js?commonjs-module',
    '\x00/Users/moliang/Desktop/coder/teacher/weapp/node_modules/.pnpm/react@18.3.1/node_modules/react/cjs/react.production.min.js?commonjs-proxy',
    '\x00/Users/moliang/Desktop/coder/teacher/weapp/node_modules/.pnpm/react@18.3.1/node_modules/react/cjs/react.production.min.js?commonjs-exports',
    '/Users/moliang/Desktop/coder/teacher/weapp/src/app.ts',
    '/Users/moliang/Desktop/coder/teacher/weapp/src/pages/index/index.tsx',
    '/Users/moliang/Desktop/coder/teacher/weapp/src/pages/schedule/index.tsx',
    '/Users/moliang/Desktop/coder/teacher/weapp/src/pages/roster/index.tsx',
    '/Users/moliang/Desktop/coder/teacher/weapp/src/pages/todos/index.tsx',
    '/Users/moliang/Desktop/coder/teacher/weapp/src/pages/periods/index.tsx',
    '/Users/moliang/Desktop/coder/teacher/weapp/src/pages/my/index.tsx',
    '/Users/moliang/Desktop/coder/teacher/weapp/src/pages/quicknote/index.tsx',
    '\x00/Users/moliang/Desktop/coder/teacher/weapp/node_modules/.pnpm/@tarojs+taro@4.1.11_@tarojs+components@4.1.11_@tarojs+helper@4.1.11_@types+react@18.3.3_e64d48e47ae6fd4f3ed2d7af3af30061/node_modules/@tarojs/taro/index.js?commonjs-module',
    '\x00/Users/moliang/Desktop/coder/teacher/weapp/node_modules/.pnpm/@tarojs+runtime@4.1.11/node_modules/@tarojs/runtime/dist/index.js?commonjs-proxy',
    '\x00/Users/moliang/Desktop/coder/teacher/weapp/node_modules/.pnpm/@tarojs+api@4.1.11_@tarojs+runtime@4.1.11_@tarojs+shared@4.1.11/node_modules/@tarojs/api/dist/index.js?commonjs-proxy',
    '/Users/moliang/Desktop/coder/teacher/weapp/node_modules/.pnpm/@tarojs+shared@4.1.11/node_modules/@tarojs/shared/dist/index.js',
    '/Users/moliang/Desktop/coder/teacher/weapp/node_modules/.pnpm/@tarojs+runtime@4.1.11/node_modules/@tarojs/runtime/dist/dom-external/index.js',
    '/Users/moliang/Desktop/coder/teacher/weapp/node_modules/.pnpm/@tarojs+runtime@4.1.11/node_modules/@tarojs/runtime/dist/env.js',
    '/Users/moliang/Desktop/coder/teacher/weapp/node_modules/.pnpm/@tarojs+runtime@4.1.11/node_modules/@tarojs/runtime/dist/bom/document.js',
    '/Users/moliang/Desktop/coder/teacher/weapp/node_modules/.pnpm/@tarojs+runtime@4.1.11/node_modules/@tarojs/runtime/dist/bom/getComputedStyle.js',
    '/Users/moliang/Desktop/coder/teacher/weapp/node_modules/.pnpm/@tarojs+runtime@4.1.11/node_modules/@tarojs/runtime/dist/bom/location.js',
    '/Users/moliang/Desktop/coder/teacher/weapp/node_modules/.pnpm/@tarojs+runtime@4.1.11/node_modules/@tarojs/runtime/dist/bom/navigator.js',
    '/Users/moliang/Desktop/coder/teacher/weapp/node_modules/.pnpm/@tarojs+runtime@4.1.11/node_modules/@tarojs/runtime/dist/bom/history.js',
    '/Users/moliang/Desktop/coder/teacher/weapp/node_modules/.pnpm/@tarojs+runtime@4.1.11/node_modules/@tarojs/runtime/dist/bom/URL.js',
    '/Users/moliang/Desktop/coder/teacher/weapp/node_modules/.pnpm/@tarojs+runtime@4.1.11/node_modules/@tarojs/runtime/dist/bom/raf.js',
    '/Users/moliang/Desktop/coder/teacher/weapp/node_modules/.pnpm/@tarojs+runtime@4.1.11/node_modules/@tarojs/runtime/dist/bom/URLSearchParams.js',
    '/Users/moliang/Desktop/coder/teacher/weapp/node_modules/.pnpm/@tarojs+runtime@4.1.11/node_modules/@tarojs/runtime/dist/bom/window.js',
    '/Users/moliang/Desktop/coder/teacher/weapp/node_modules/.pnpm/@tarojs+runtime@4.1.11/node_modules/@tarojs/runtime/dist/dom/element.js',
    '/Users/moliang/Desktop/coder/teacher/weapp/node_modules/.pnpm/@tarojs+runtime@4.1.11/node_modules/@tarojs/runtime/dist/dom/event.js',
    '/Users/moliang/Desktop/coder/teacher/weapp/node_modules/.pnpm/@tarojs+runtime@4.1.11/node_modules/@tarojs/runtime/dist/dom/form.js',
    '/Users/moliang/Desktop/coder/teacher/weapp/node_modules/.pnpm/@tarojs+runtime@4.1.11/node_modules/@tarojs/runtime/dist/dom/node.js',
    '/Users/moliang/Desktop/coder/teacher/weapp/node_modules/.pnpm/@tarojs+runtime@4.1.11/node_modules/@tarojs/runtime/dist/dom/root.js',
    '/Users/moliang/Desktop/coder/teacher/weapp/node_modules/.pnpm/@tarojs+runtime@4.1.11/node_modules/@tarojs/runtime/dist/dom/style.js',
    '/Users/moliang/Desktop/coder/teacher/weapp/node_modules/.pnpm/@tarojs+runtime@4.1.11/node_modules/@tarojs/runtime/dist/dom/svg.js',
    '/Users/moliang/Desktop/coder/teacher/weapp/node_modules/.pnpm/@tarojs+runtime@4.1.11/node_modules/@tarojs/runtime/dist/dom/text.js',
    '/Users/moliang/Desktop/coder/teacher/weapp/node_modules/.pnpm/@tarojs+runtime@4.1.11/node_modules/@tarojs/runtime/dist/dom-external/mutation-observer/index.js',
    '/Users/moliang/Desktop/coder/teacher/weapp/node_modules/.pnpm/@tarojs+runtime@4.1.11/node_modules/@tarojs/runtime/dist/constants/index.js',
    '/Users/moliang/Desktop/coder/teacher/weapp/node_modules/.pnpm/@tarojs+runtime@4.1.11/node_modules/@tarojs/runtime/dist/current.js',
    '/Users/moliang/Desktop/coder/teacher/weapp/node_modules/.pnpm/@tarojs+runtime@4.1.11/node_modules/@tarojs/runtime/dist/dsl/common.js',
    '/Users/moliang/Desktop/coder/teacher/weapp/node_modules/.pnpm/@tarojs+runtime@4.1.11/node_modules/@tarojs/runtime/dist/dom/event-source.js',
    '/Users/moliang/Desktop/coder/teacher/weapp/node_modules/.pnpm/@tarojs+runtime@4.1.11/node_modules/@tarojs/runtime/dist/emitter/emitter.js',
    '/Users/moliang/Desktop/coder/teacher/weapp/node_modules/.pnpm/@tarojs+runtime@4.1.11/node_modules/@tarojs/runtime/dist/hydrate.js',
    '/Users/moliang/Desktop/coder/teacher/weapp/node_modules/.pnpm/@tarojs+runtime@4.1.11/node_modules/@tarojs/runtime/dist/next-tick.js',
    '/Users/moliang/Desktop/coder/teacher/weapp/node_modules/.pnpm/@tarojs+runtime@4.1.11/node_modules/@tarojs/runtime/dist/options.js',
    '/Users/moliang/Desktop/coder/teacher/weapp/node_modules/.pnpm/@tarojs+runtime@4.1.11/node_modules/@tarojs/runtime/dist/utils/index.js',
    '/Users/moliang/Desktop/coder/teacher/weapp/node_modules/.pnpm/@tarojs+runtime@4.1.11/node_modules/@tarojs/runtime/dist/utils/lodash.js',
    '/Users/moliang/Desktop/coder/teacher/weapp/node_modules/.pnpm/@tarojs+runtime@4.1.11/node_modules/@tarojs/runtime/dist/utils/router.js',
    '/Users/moliang/Desktop/coder/teacher/weapp/node_modules/.pnpm/@tarojs+runtime@4.1.11/node_modules/@tarojs/runtime/dist/polyfill/index.js',
    '/Users/moliang/Desktop/coder/teacher/weapp/node_modules/.pnpm/@tarojs+runtime@4.1.11/node_modules/@tarojs/runtime/dist/perf.js',
    '/Users/moliang/Desktop/coder/teacher/weapp/node_modules/.pnpm/react-reconciler@0.29.0_react@18.3.1/node_modules/react-reconciler/index.js',
    '/Users/moliang/Desktop/coder/teacher/weapp/node_modules/.pnpm/react-reconciler@0.29.0_react@18.3.1/node_modules/react-reconciler/constants.js'
  ]
}

Node.js v25.9.0
 ELIFECYCLE  Command failed with exit code 1.
